// Jest Snapshot v1, https://goo.gl/fbAQLP

exports[`App matches a snapshot 1`] = `
Array [
  <h1>
    Add a Dog
  </h1>,
  <form
    onSubmit={[Function]}
  >
    <label>
      Name
      <input
        name="name"
        onChange={[Function]}
        type="text"
        value="spot"
      />
    </label>
    <label>
      Age
      <input
        name="age"
        onChange={[Function]}
        type="text"
        value="2"
      />
    </label>
    <label>
      Weight
      <input
        name="weight"
        onChange={[Function]}
        type="text"
        value="40lbs"
      />
    </label>
    <button
      type="submit"
    >
      Add Dog
    </button>
  </form>,
  <ul />,
]
`;
